// Jest Snapshot v1, https://goo.gl/fbAQLP

exports[`Snapshot testing on Counter componant 1`] = `null`;
